// Jest Snapshot v1, https://goo.gl/fbAQLP

exports[`renders Photos snapshot 1`] = `
<DocumentFragment>
  <div
    class="photos-wrapper "
  >
    <img
      alt=""
      class="photos"
      src="#"
    />
  </div>
</DocumentFragment>
`;
