// Jest Snapshot v1, https://goo.gl/fbAQLP

exports[`renders Navbar snapshot 1`] = `
<DocumentFragment>
  <div
    class="Footer"
  >
    Â© All rights reserved to Debojeet Jha
  </div>
</DocumentFragment>
`;
